Archive member included to satisfy reference by file (symbol)

c:/program files (x86)/atollic/truestudio for stm32 9.0.0/armtools/bin/../lib/gcc/arm-atollic-eabi/6.3.1/../../../../arm-atollic-eabi/lib/armv6-m\libc_nano.a(lib_a-init.o)
                              startup\startup_stm32f042x6.o (__libc_init_array)
c:/program files (x86)/atollic/truestudio for stm32 9.0.0/armtools/bin/../lib/gcc/arm-atollic-eabi/6.3.1/../../../../arm-atollic-eabi/lib/armv6-m\libc_nano.a(lib_a-memset.o)
                              Src\main.o (memset)
c:/program files (x86)/atollic/truestudio for stm32 9.0.0/armtools/bin/../lib/gcc/arm-atollic-eabi/6.3.1/../../../../arm-atollic-eabi/lib/armv6-m\libc_nano.a(lib_a-strcpy.o)
                              Src\main.o (strcpy)
c:/program files (x86)/atollic/truestudio for stm32 9.0.0/armtools/bin/../lib/gcc/arm-atollic-eabi/6.3.1/../../../../arm-atollic-eabi/lib/armv6-m\libc_nano.a(lib_a-strncmp.o)
                              Src\main.o (strncmp)
c:/program files (x86)/atollic/truestudio for stm32 9.0.0/armtools/bin/../lib/gcc/arm-atollic-eabi/6.3.1/armv6-m\libgcc.a(_udivsi3.o)
                              Drivers\STM32F0xx_HAL_Driver\Src\stm32f0xx_hal.o (__aeabi_uidiv)
c:/program files (x86)/atollic/truestudio for stm32 9.0.0/armtools/bin/../lib/gcc/arm-atollic-eabi/6.3.1/armv6-m\libgcc.a(_dvmd_tls.o)
                              c:/program files (x86)/atollic/truestudio for stm32 9.0.0/armtools/bin/../lib/gcc/arm-atollic-eabi/6.3.1/armv6-m\libgcc.a(_udivsi3.o) (__aeabi_idiv0)

Allocating common symbols
Common symbol       size              file

UART1               0x12e             Src\main.o
hUsbDeviceFS        0x224             Src\usb_device.o
uwTick              0x4               Drivers\STM32F0xx_HAL_Driver\Src\stm32f0xx_hal.o
pFlash              0x20              Drivers\STM32F0xx_HAL_Driver\Src\stm32f0xx_hal_flash.o
UserRxBufferFS      0x64              Src\usbd_cdc_if.o
huart1              0x70              Src\main.o
UserTxBufferFS      0x64              Src\usbd_cdc_if.o
tick                0x10              Src\MP3.o
usb                 0x6c              Src\MP3.o
htim14              0x40              Src\main.o
hpcd_USB_FS         0x220             Src\usbd_conf.o
USBD_StrDesc        0x64              Src\usbd_desc.o
htim16              0x40              Src\main.o

Discarded input sections

 .text          0x00000000        0x0 c:/program files (x86)/atollic/truestudio for stm32 9.0.0/armtools/bin/../lib/gcc/arm-atollic-eabi/6.3.1/armv6-m/crti.o
 .data          0x00000000        0x0 c:/program files (x86)/atollic/truestudio for stm32 9.0.0/armtools/bin/../lib/gcc/arm-atollic-eabi/6.3.1/armv6-m/crti.o
 .bss           0x00000000        0x0 c:/program files (x86)/atollic/truestudio for stm32 9.0.0/armtools/bin/../lib/gcc/arm-atollic-eabi/6.3.1/armv6-m/crti.o
 .data          0x00000000        0x4 c:/program files (x86)/atollic/truestudio for stm32 9.0.0/armtools/bin/../lib/gcc/arm-atollic-eabi/6.3.1/armv6-m/crtbegin.o
 .text          0x00000000        0x0 Drivers\STM32F0xx_HAL_Driver\Src\stm32f0xx_hal.o
 .data          0x00000000        0x0 Drivers\STM32F0xx_HAL_Driver\Src\stm32f0xx_hal.o
 .bss           0x00000000        0x0 Drivers\STM32F0xx_HAL_Driver\Src\stm32f0xx_hal.o
 .text.HAL_MspInit
                0x00000000        0x2 Drivers\STM32F0xx_HAL_Driver\Src\stm32f0xx_hal.o
 .text.HAL_MspDeInit
                0x00000000        0x2 Drivers\STM32F0xx_HAL_Driver\Src\stm32f0xx_hal.o
 .text.HAL_DeInit
                0x00000000       0x24 Drivers\STM32F0xx_HAL_Driver\Src\stm32f0xx_hal.o
 .text.HAL_Delay
                0x00000000       0x22 Drivers\STM32F0xx_HAL_Driver\Src\stm32f0xx_hal.o
 .text.HAL_SuspendTick
                0x00000000       0x10 Drivers\STM32F0xx_HAL_Driver\Src\stm32f0xx_hal.o
 .text.HAL_ResumeTick
                0x00000000       0x10 Drivers\STM32F0xx_HAL_Driver\Src\stm32f0xx_hal.o
 .text.HAL_GetHalVersion
                0x00000000        0x8 Drivers\STM32F0xx_HAL_Driver\Src\stm32f0xx_hal.o
 .text.HAL_GetREVID
                0x00000000        0xc Drivers\STM32F0xx_HAL_Driver\Src\stm32f0xx_hal.o
 .text.HAL_GetDEVID
                0x00000000       0x10 Drivers\STM32F0xx_HAL_Driver\Src\stm32f0xx_hal.o
 .text.HAL_GetUIDw0
                0x00000000        0xc Drivers\STM32F0xx_HAL_Driver\Src\stm32f0xx_hal.o
 .text.HAL_GetUIDw1
                0x00000000        0xc Drivers\STM32F0xx_HAL_Driver\Src\stm32f0xx_hal.o
 .text.HAL_GetUIDw2
                0x00000000        0xc Drivers\STM32F0xx_HAL_Driver\Src\stm32f0xx_hal.o
 .text.HAL_DBGMCU_EnableDBGStopMode
                0x00000000       0x10 Drivers\STM32F0xx_HAL_Driver\Src\stm32f0xx_hal.o
 .text.HAL_DBGMCU_DisableDBGStopMode
                0x00000000       0x10 Drivers\STM32F0xx_HAL_Driver\Src\stm32f0xx_hal.o
 .text.HAL_DBGMCU_EnableDBGStandbyMode
                0x00000000       0x10 Drivers\STM32F0xx_HAL_Driver\Src\stm32f0xx_hal.o
 .text.HAL_DBGMCU_DisableDBGStandbyMode
[...]
Memory Configuration

Name             Origin             Length             Attributes
RAM              0x20000000         0x00001800         xrw
FLASH            0x08000000         0x00008000         xr
*default*        0x00000000         0xffffffff

Linker script and memory map

LOAD c:/program files (x86)/atollic/truestudio for stm32 9.0.0/armtools/bin/../lib/gcc/arm-atollic-eabi/6.3.1/armv6-m/crti.o
LOAD c:/program files (x86)/atollic/truestudio for stm32 9.0.0/armtools/bin/../lib/gcc/arm-atollic-eabi/6.3.1/armv6-m/crtbegin.o
LOAD Drivers\STM32F0xx_HAL_Driver\Src\stm32f0xx_hal.o
LOAD Drivers\STM32F0xx_HAL_Driver\Src\stm32f0xx_hal_cortex.o
LOAD Drivers\STM32F0xx_HAL_Driver\Src\stm32f0xx_hal_dma.o
LOAD Drivers\STM32F0xx_HAL_Driver\Src\stm32f0xx_hal_flash.o
LOAD Drivers\STM32F0xx_HAL_Driver\Src\stm32f0xx_hal_flash_ex.o
LOAD Drivers\STM32F0xx_HAL_Driver\Src\stm32f0xx_hal_gpio.o
LOAD Drivers\STM32F0xx_HAL_Driver\Src\stm32f0xx_hal_i2c.o
LOAD Drivers\STM32F0xx_HAL_Driver\Src\stm32f0xx_hal_i2c_ex.o
LOAD Drivers\STM32F0xx_HAL_Driver\Src\stm32f0xx_hal_pcd.o
LOAD Drivers\STM32F0xx_HAL_Driver\Src\stm32f0xx_hal_pcd_ex.o
LOAD Drivers\STM32F0xx_HAL_Driver\Src\stm32f0xx_hal_pwr.o
LOAD Drivers\STM32F0xx_HAL_Driver\Src\stm32f0xx_hal_pwr_ex.o
LOAD Drivers\STM32F0xx_HAL_Driver\Src\stm32f0xx_hal_rcc.o
LOAD Drivers\STM32F0xx_HAL_Driver\Src\stm32f0xx_hal_rcc_ex.o
LOAD Drivers\STM32F0xx_HAL_Driver\Src\stm32f0xx_hal_tim.o
LOAD Drivers\STM32F0xx_HAL_Driver\Src\stm32f0xx_hal_tim_ex.o
LOAD Drivers\STM32F0xx_HAL_Driver\Src\stm32f0xx_hal_uart.o
LOAD Drivers\STM32F0xx_HAL_Driver\Src\stm32f0xx_hal_uart_ex.o
LOAD Middlewares\ST\STM32_USB_Device_Library\Class\CDC\Src\usbd_cdc.o
LOAD Middlewares\ST\STM32_USB_Device_Library\Core\Src\usbd_core.o
LOAD Middlewares\ST\STM32_USB_Device_Library\Core\Src\usbd_ctlreq.o
LOAD Middlewares\ST\STM32_USB_Device_Library\Core\Src\usbd_ioreq.o
LOAD Src\MP3.o
LOAD Src\main.o
LOAD Src\myFunctions.o
LOAD Src\stm32f0xx_hal_msp.o
LOAD Src\stm32f0xx_it.o
LOAD Src\system_stm32f0xx.o
LOAD Src\usb_device.o
LOAD Src\usbd_cdc_if.o
LOAD Src\usbd_conf.o
LOAD Src\usbd_desc.o
LOAD startup\startup_stm32f042x6.o
                0x00000080                malloc_getpagesize_P = 0x80
START GROUP
LOAD c:/program files (x86)/atollic/truestudio for stm32 9.0.0/armtools/bin/../lib/gcc/arm-atollic-eabi/6.3.1/../../../../arm-atollic-eabi/lib/armv6-m\libc_nano.a
LOAD c:/program files (x86)/atollic/truestudio for stm32 9.0.0/armtools/bin/../lib/gcc/arm-atollic-eabi/6.3.1/../../../../arm-atollic-eabi/lib/armv6-m\libm.a
END GROUP
START GROUP
LOAD c:/program files (x86)/atollic/truestudio for stm32 9.0.0/armtools/bin/../lib/gcc/arm-atollic-eabi/6.3.1/armv6-m\libgcc.a
LOAD c:/program files (x86)/atollic/truestudio for stm32 9.0.0/armtools/bin/../lib/gcc/arm-atollic-eabi/6.3.1/../../../../arm-atollic-eabi/lib/armv6-m\libc_nano.a
END GROUP
START GROUP
LOAD c:/program files (x86)/atollic/truestudio for stm32 9.0.0/armtools/bin/../lib/gcc/arm-atollic-eabi/6.3.1/armv6-m\libgcc.a
LOAD c:/program files (x86)/atollic/truestudio for stm32 9.0.0/armtools/bin/../lib/gcc/arm-atollic-eabi/6.3.1/../../../../arm-atollic-eabi/lib/armv6-m\libc_nano.a
LOAD c:/program files (x86)/atollic/truestudio for stm32 9.0.0/armtools/bin/../lib/gcc/arm-atollic-eabi/6.3.1/../../../../arm-atollic-eabi/lib/armv6-m\libnosys.a
END GROUP
START GROUP
LOAD c:/program files (x86)/atollic/truestudio for stm32 9.0.0/armtools/bin/../lib/gcc/arm-atollic-eabi/6.3.1/armv6-m\libgcc.a
LOAD c:/program files (x86)/atollic/truestudio for stm32 9.0.0/armtools/bin/../lib/gcc/arm-atollic-eabi/6.3.1/../../../../arm-atollic-eabi/lib/armv6-m\libc_nano.a
LOAD c:/program files (x86)/atollic/truestudio for stm32 9.0.0/armtools/bin/../lib/gcc/arm-atollic-eabi/6.3.1/../../../../arm-atollic-eabi/lib/armv6-m\libnosys.a
END GROUP
LOAD c:/program files (x86)/atollic/truestudio for stm32 9.0.0/armtools/bin/../lib/gcc/arm-atollic-eabi/6.3.1/armv6-m/crtend.o
LOAD c:/program files (x86)/atollic/truestudio for stm32 9.0.0/armtools/bin/../lib/gcc/arm-atollic-eabi/6.3.1/armv6-m/crtn.o
                0x20001800                _estack = 0x20001800
                0x00000200                _Min_Heap_Size = 0x200
                0x00000400                _Min_Stack_Size = 0x400

.isr_vector     0x08000000       0xc0
                0x08000000                . = ALIGN (0x4)
 *(.isr_vector)
 .isr_vector    0x08000000       0xc0 startup\startup_stm32f042x6.o
                0x08000000                g_pfnVectors
                0x080000c0                . = ALIGN (0x4)

.text           0x080000c0     0x4480
                0x080000c0                . = ALIGN (0x4)
 *(.text)
 .text          0x080000c0       0x48 c:/program files (x86)/atollic/truestudio for stm32 9.0.0/armtools/bin/../lib/gcc/arm-atollic-eabi/6.3.1/armv6-m/crtbegin.o
 .text          0x08000108      0x114 c:/program files (x86)/atollic/truestudio for stm32 9.0.0/armtools/bin/../lib/gcc/arm-atollic-eabi/6.3.1/armv6-m\libgcc.a(_udivsi3.o)
                0x08000108                __aeabi_uidiv
                0x08000108                __udivsi3
                0x08000214                __aeabi_uidivmod
 .text          0x0800021c        0x4 c:/program files (x86)/atollic/truestudio for stm32 9.0.0/armtools/bin/../lib/gcc/arm-atollic-eabi/6.3.1/armv6-m\libgcc.a(_dvmd_tls.o)
                0x0800021c                __aeabi_idiv0
                0x0800021c                __aeabi_ldiv0
 *(.text*)
 .text.HAL_InitTick
                0x08000220       0x24 Drivers\STM32F0xx_HAL_Driver\Src\stm32f0xx_hal.o
                0x08000220                HAL_InitTick
 .text.HAL_Init
                0x08000244       0x20 Drivers\STM32F0xx_HAL_Driver\Src\stm32f0xx_hal.o
                0x08000244                HAL_Init
 .text.HAL_IncTick
                0x08000264       0x10 Drivers\STM32F0xx_HAL_Driver\Src\stm32f0xx_hal.o
                0x08000264                HAL_IncTick
 .text.HAL_GetTick
                0x08000274        0xc Drivers\STM32F0xx_HAL_Driver\Src\stm32f0xx_hal.o
                0x08000274                HAL_GetTick
 .text.HAL_NVIC_SetPriority
                0x08000280       0x64 Drivers\STM32F0xx_HAL_Driver\Src\stm32f0xx_hal_cortex.o
                0x08000280                HAL_NVIC_SetPriority
 .text.HAL_NVIC_EnableIRQ
                0x080002e4       0x14 Drivers\STM32F0xx_HAL_Driver\Src\stm32f0xx_hal_cortex.o
                0x080002e4                HAL_NVIC_EnableIRQ
 .text.HAL_SYSTICK_Config
                0x080002f8       0x38 Drivers\STM32F0xx_HAL_Driver\Src\stm32f0xx_hal_cortex.o
                0x080002f8                HAL_SYSTICK_Config
 .text.HAL_SYSTICK_CLKSourceConfig
                0x08000330       0x20 Drivers\STM32F0xx_HAL_Driver\Src\stm32f0xx_hal_cortex.o
                0x08000330                HAL_SYSTICK_CLKSourceConfig
 .text.HAL_SYSTICK_Callback
                0x08000350        0x2 Drivers\STM32F0xx_HAL_Driver\Src\stm32f0xx_hal_cortex.o
                0x08000350                HAL_SYSTICK_Callback
 .text.HAL_SYSTICK_IRQHandler
                0x08000352        0x8 Drivers\STM32F0xx_HAL_Driver\Src\stm32f0xx_hal_cortex.o
                0x08000352                HAL_SYSTICK_IRQHandler
 .text.HAL_DMA_Abort_IT
                0x0800035a       0x4a Drivers\STM32F0xx_HAL_Driver\Src\stm32f0xx_hal_dma.o
                0x0800035a                HAL_DMA_Abort_IT
 .text.HAL_GPIO_Init
                0x080003a4      0x180 Drivers\STM32F0xx_HAL_Driver\Src\stm32f0xx_hal_gpio.o
                0x080003a4                HAL_GPIO_Init
 .text.HAL_GPIO_ReadPin
                0x08000524        0xe Drivers\STM32F0xx_HAL_Driver\Src\stm32f0xx_hal_gpio.o
                0x08000524                HAL_GPIO_ReadPin
 .text.HAL_GPIO_WritePin
                0x08000532        0xc Drivers\STM32F0xx_HAL_Driver\Src\stm32f0xx_hal_gpio.o
                0x08000532                HAL_GPIO_WritePin
 .text.HAL_GPIO_TogglePin
                0x0800053e        0x8 Drivers\STM32F0xx_HAL_Driver\Src\stm32f0xx_hal_gpio.o
                0x0800053e                HAL_GPIO_TogglePin
 .text.HAL_GPIO_EXTI_Callback
                0x08000546        0x2 Drivers\STM32F0xx_HAL_Driver\Src\stm32f0xx_hal_gpio.o
                0x08000546                HAL_GPIO_EXTI_Callback
 .text.HAL_GPIO_EXTI_IRQHandler
                0x08000548       0x1c Drivers\STM32F0xx_HAL_Driver\Src\stm32f0xx_hal_gpio.o
                0x08000548                HAL_GPIO_EXTI_IRQHandler
 .text.HAL_PCD_Init
                0x08000564       0xc0 Drivers\STM32F0xx_HAL_Driver\Src\stm32f0xx_hal_pcd.o
                0x08000564                HAL_PCD_Init
 .text.HAL_PCD_Start
                0x08000624       0x18 Drivers\STM32F0xx_HAL_Driver\Src\stm32f0xx_hal_pcd.o
                0x08000624                HAL_PCD_Start
 .text.HAL_PCD_SetAddress
                0x0800063c       0x36 Drivers\STM32F0xx_HAL_Driver\Src\stm32f0xx_hal_pcd.o
                0x0800063c                HAL_PCD_SetAddress
 *fill*         0x08000672        0x2 
 .text.HAL_PCD_EP_Open
                0x08000674      0x354 Drivers\STM32F0xx_HAL_Driver\Src\stm32f0xx_hal_pcd.o
                0x08000674                HAL_PCD_EP_Open
 .text.HAL_PCD_EP_Close
                0x080009c8      0x1d0 Drivers\STM32F0xx_HAL_Driver\Src\stm32f0xx_hal_pcd.o
                0x080009c8                HAL_PCD_EP_Close
 .text.HAL_PCD_EP_Receive
                0x08000b98      0x200 Drivers\STM32F0xx_HAL_Driver\Src\stm32f0xx_hal_pcd.o
                0x08000b98                HAL_PCD_EP_Receive
 .text.HAL_PCD_EP_GetRxCount
                0x08000d98       0x14 Drivers\STM32F0xx_HAL_Driver\Src\stm32f0xx_hal_pcd.o
                0x08000d98                HAL_PCD_EP_GetRxCount
 .text.HAL_PCD_EP_SetStall
                0x08000dac       0xc4 Drivers\STM32F0xx_HAL_Driver\Src\stm32f0xx_hal_pcd.o
                0x08000dac                HAL_PCD_EP_SetStall
 .text.HAL_PCD_EP_ClrStall
                0x08000e70       0xe0 Drivers\STM32F0xx_HAL_Driver\Src\stm32f0xx_hal_pcd.o
                0x08000e70                HAL_PCD_EP_ClrStall
 .text.PCD_WritePMA
                0x08000f50       0x26 Drivers\STM32F0xx_HAL_Driver\Src\stm32f0xx_hal_pcd.o
                0x08000f50                PCD_WritePMA
 *fill*         0x08000f76        0x2 
 .text.HAL_PCD_EP_Transmit
                0x08000f78      0x21c Drivers\STM32F0xx_HAL_Driver\Src\stm32f0xx_hal_pcd.o
                0x08000f78                HAL_PCD_EP_Transmit
 .text.PCD_ReadPMA
                0x08001194       0x2c Drivers\STM32F0xx_HAL_Driver\Src\stm32f0xx_hal_pcd.o
                0x08001194                PCD_ReadPMA
 .text.PCD_EP_ISR_Handler
                0x080011c0      0x4bc Drivers\STM32F0xx_HAL_Driver\Src\stm32f0xx_hal_pcd.o
 .text.HAL_PCD_IRQHandler
                0x0800167c      0x120 Drivers\STM32F0xx_HAL_Driver\Src\stm32f0xx_hal_pcd.o
                0x0800167c                HAL_PCD_IRQHandler
 .text.HAL_PCDEx_PMAConfig
                0x0800179c       0x3a Drivers\STM32F0xx_HAL_Driver\Src\stm32f0xx_hal_pcd_ex.o
                0x0800179c                HAL_PCDEx_PMAConfig
 *fill*         0x080017d6        0x2 
 .text.HAL_RCC_OscConfig
                0x080017d8      0x4f8 Drivers\STM32F0xx_HAL_Driver\Src\stm32f0xx_hal_rcc.o
                0x080017d8                HAL_RCC_OscConfig
 .text.HAL_RCC_GetSysClockFreq
                0x08001cd0       0x94 Drivers\STM32F0xx_HAL_Driver\Src\stm32f0xx_hal_rcc.o
                0x08001cd0                HAL_RCC_GetSysClockFreq
 .text.HAL_RCC_ClockConfig
                0x08001d64      0x184 Drivers\STM32F0xx_HAL_Driver\Src\stm32f0xx_hal_rcc.o
                0x08001d64                HAL_RCC_ClockConfig
 .text.HAL_RCC_GetHCLKFreq
                0x08001ee8        0xc Drivers\STM32F0xx_HAL_Driver\Src\stm32f0xx_hal_rcc.o
                0x08001ee8                HAL_RCC_GetHCLKFreq
 .text.HAL_RCC_GetPCLK1Freq
                0x08001ef4       0x20 Drivers\STM32F0xx_HAL_Driver\Src\stm32f0xx_hal_rcc.o
                0x08001ef4                HAL_RCC_GetPCLK1Freq
 .text.HAL_RCCEx_PeriphCLKConfig
                0x08001f14      0x140 Drivers\STM32F0xx_HAL_Driver\Src\stm32f0xx_hal_rcc_ex.o
                0x08001f14                HAL_RCCEx_PeriphCLKConfig
 .text.HAL_TIM_Base_Start_IT
                0x08002054       0x16 Drivers\STM32F0xx_HAL_Driver\Src\stm32f0xx_hal_tim.o
                0x08002054                HAL_TIM_Base_Start_IT
 .text.HAL_TIM_PeriodElapsedCallback
                0x0800206a        0x2 Drivers\STM32F0xx_HAL_Driver\Src\stm32f0xx_hal_tim.o
                0x0800206a                HAL_TIM_PeriodElapsedCallback
 .text.HAL_TIM_OC_DelayElapsedCallback
                0x0800206c        0x2 Drivers\STM32F0xx_HAL_Driver\Src\stm32f0xx_hal_tim.o
                0x0800206c                HAL_TIM_OC_DelayElapsedCallback
 .text.HAL_TIM_IC_CaptureCallback
                0x0800206e        0x2 Drivers\STM32F0xx_HAL_Driver\Src\stm32f0xx_hal_tim.o
                0x0800206e                HAL_TIM_IC_CaptureCallback
 .text.HAL_TIM_PWM_PulseFinishedCallback
                0x08002070        0x2 Drivers\STM32F0xx_HAL_Driver\Src\stm32f0xx_hal_tim.o
                0x08002070                HAL_TIM_PWM_PulseFinishedCallback
 .text.HAL_TIM_TriggerCallback
                0x08002072        0x2 Drivers\STM32F0xx_HAL_Driver\Src\stm32f0xx_hal_tim.o
                0x08002072                HAL_TIM_TriggerCallback
 .text.HAL_TIM_IRQHandler
                0x08002074      0x15a Drivers\STM32F0xx_HAL_Driver\Src\stm32f0xx_hal_tim.o
                0x08002074                HAL_TIM_IRQHandler
 *fill*         0x080021ce        0x2 
 .text.TIM_Base_SetConfig
                0x080021d0       0x98 Drivers\STM32F0xx_HAL_Driver\Src\stm32f0xx_hal_tim.o
                0x080021d0                TIM_Base_SetConfig
 .text.HAL_TIM_Base_Init
                0x08002268       0x34 Drivers\STM32F0xx_HAL_Driver\Src\stm32f0xx_hal_tim.o
                0x08002268                HAL_TIM_Base_Init
 .text.HAL_TIMEx_CommutationCallback
                0x0800229c        0x2 Drivers\STM32F0xx_HAL_Driver\Src\stm32f0xx_hal_tim_ex.o
                0x0800229c                HAL_TIMEx_CommutationCallback
 .text.HAL_TIMEx_BreakCallback
                0x0800229e        0x2 Drivers\STM32F0xx_HAL_Driver\Src\stm32f0xx_hal_tim_ex.o
                0x0800229e                HAL_TIMEx_BreakCallback
 .text.UART_EndRxTransfer
                0x080022a0       0x24 Drivers\STM32F0xx_HAL_Driver\Src\stm32f0xx_hal_uart.o
 .text.HAL_UART_Receive_IT
                0x080022c4       0xd4 Drivers\STM32F0xx_HAL_Driver\Src\stm32f0xx_hal_uart.o
                0x080022c4                HAL_UART_Receive_IT
 .text.HAL_UART_TxCpltCallback
                0x08002398        0x2 Drivers\STM32F0xx_HAL_Driver\Src\stm32f0xx_hal_uart.o
                0x08002398                HAL_UART_TxCpltCallback
 .text.HAL_UART_ErrorCallback
                0x0800239a        0x2 Drivers\STM32F0xx_HAL_Driver\Src\stm32f0xx_hal_uart.o
                0x0800239a                HAL_UART_ErrorCallback
 .text.UART_DMAAbortOnError
                0x0800239c       0x14 Drivers\STM32F0xx_HAL_Driver\Src\stm32f0xx_hal_uart.o
 .text.UART_SetConfig
                0x080023b0      0x1b4 Drivers\STM32F0xx_HAL_Driver\Src\stm32f0xx_hal_uart.o
                0x080023b0                UART_SetConfig
 .text.UART_AdvFeatureConfig
                0x08002564       0xe0 Drivers\STM32F0xx_HAL_Driver\Src\stm32f0xx_hal_uart.o
                0x08002564                UART_AdvFeatureConfig
 .text.UART_WaitOnFlagUntilTimeout
                0x08002644       0x6c Drivers\STM32F0xx_HAL_Driver\Src\stm32f0xx_hal_uart.o
                0x08002644                UART_WaitOnFlagUntilTimeout
 .text.HAL_UART_Transmit
                0x080026b0       0xe2 Drivers\STM32F0xx_HAL_Driver\Src\stm32f0xx_hal_uart.o
                0x080026b0                HAL_UART_Transmit
 *fill*         0x08002792        0x2 
 .text.UART_CheckIdleState
                0x08002794       0x78 Drivers\STM32F0xx_HAL_Driver\Src\stm32f0xx_hal_uart.o
                0x08002794                UART_CheckIdleState
 .text.HAL_UART_Init
                0x0800280c       0x70 Drivers\STM32F0xx_HAL_Driver\Src\stm32f0xx_hal_uart.o
                0x0800280c                HAL_UART_Init
 .text.UART_Transmit_IT
                0x0800287c       0x6c Drivers\STM32F0xx_HAL_Driver\Src\stm32f0xx_hal_uart.o
                0x0800287c                UART_Transmit_IT
 .text.UART_EndTransmit_IT
                0x080028e8       0x1a Drivers\STM32F0xx_HAL_Driver\Src\stm32f0xx_hal_uart.o
                0x080028e8                UART_EndTransmit_IT
 *fill*         0x08002902        0x2 
 .text.UART_Receive_IT
                0x08002904       0x88 Drivers\STM32F0xx_HAL_Driver\Src\stm32f0xx_hal_uart.o
                0x08002904                UART_Receive_IT
 .text.HAL_UART_IRQHandler
                0x0800298c      0x144 Drivers\STM32F0xx_HAL_Driver\Src\stm32f0xx_hal_uart.o
                0x0800298c                HAL_UART_IRQHandler
 .text.HAL_UARTEx_WakeupCallback
                0x08002ad0        0x2 Drivers\STM32F0xx_HAL_Driver\Src\stm32f0xx_hal_uart_ex.o
                0x08002ad0                HAL_UARTEx_WakeupCallback
 .text.USBD_CDC_DataIn
                0x08002ad2       0x1a Middlewares\ST\STM32_USB_Device_Library\Class\CDC\Src\usbd_cdc.o
 .text.USBD_CDC_EP0_RxReady
                0x08002aec       0x34 Middlewares\ST\STM32_USB_Device_Library\Class\CDC\Src\usbd_cdc.o
 .text.USBD_CDC_GetFSCfgDesc
                0x08002b20        0xc Middlewares\ST\STM32_USB_Device_Library\Class\CDC\Src\usbd_cdc.o
 .text.USBD_CDC_GetHSCfgDesc
                0x08002b2c        0xc Middlewares\ST\STM32_USB_Device_Library\Class\CDC\Src\usbd_cdc.o
 .text.USBD_CDC_GetOtherSpeedCfgDesc
                0x08002b38        0xc Middlewares\ST\STM32_USB_Device_Library\Class\CDC\Src\usbd_cdc.o
 .text.USBD_CDC_GetDeviceQualifierDescriptor
                0x08002b44        0xc Middlewares\ST\STM32_USB_Device_Library\Class\CDC\Src\usbd_cdc.o
                0x08002b44                USBD_CDC_GetDeviceQualifierDescriptor
 .text.USBD_CDC_DataOut
                0x08002b50       0x36 Middlewares\ST\STM32_USB_Device_Library\Class\CDC\Src\usbd_cdc.o
 *fill*         0x08002b86        0x2 
 .text.USBD_CDC_Setup
                0x08002b88       0x88 Middlewares\ST\STM32_USB_Device_Library\Class\CDC\Src\usbd_cdc.o
 .text.USBD_CDC_DeInit
                0x08002c10       0x40 Middlewares\ST\STM32_USB_Device_Library\Class\CDC\Src\usbd_cdc.o
 .text.USBD_CDC_Init
                0x08002c50       0xa4 Middlewares\ST\STM32_USB_Device_Library\Class\CDC\Src\usbd_cdc.o
 .text.USBD_CDC_RegisterInterface
                0x08002cf4       0x12 Middlewares\ST\STM32_USB_Device_Library\Class\CDC\Src\usbd_cdc.o
                0x08002cf4                USBD_CDC_RegisterInterface
 .text.USBD_CDC_SetTxBuffer
                0x08002d06       0x16 Middlewares\ST\STM32_USB_Device_Library\Class\CDC\Src\usbd_cdc.o
                0x08002d06                USBD_CDC_SetTxBuffer
 .text.USBD_CDC_SetRxBuffer
                0x08002d1c        0xe Middlewares\ST\STM32_USB_Device_Library\Class\CDC\Src\usbd_cdc.o
                0x08002d1c                USBD_CDC_SetRxBuffer
 .text.USBD_CDC_TransmitPacket
                0x08002d2a       0x3a Middlewares\ST\STM32_USB_Device_Library\Class\CDC\Src\usbd_cdc.o
                0x08002d2a                USBD_CDC_TransmitPacket
 .text.USBD_CDC_ReceivePacket
                0x08002d64       0x3c Middlewares\ST\STM32_USB_Device_Library\Class\CDC\Src\usbd_cdc.o
                0x08002d64                USBD_CDC_ReceivePacket
 .text.USBD_Init
                0x08002da0       0x38 Middlewares\ST\STM32_USB_Device_Library\Core\Src\usbd_core.o
                0x08002da0                USBD_Init
 .text.USBD_RegisterClass
                0x08002dd8       0x12 Middlewares\ST\STM32_USB_Device_Library\Core\Src\usbd_core.o
                0x08002dd8                USBD_RegisterClass
 .text.USBD_Start
                0x08002dea        0xa Middlewares\ST\STM32_USB_Device_Library\Core\Src\usbd_core.o
                0x08002dea                USBD_Start
 .text.USBD_SetClassConfig
                0x08002df4       0x20 Middlewares\ST\STM32_USB_Device_Library\Core\Src\usbd_core.o
                0x08002df4                USBD_SetClassConfig
 .text.USBD_ClrClassConfig
                0x08002e14       0x10 Middlewares\ST\STM32_USB_Device_Library\Core\Src\usbd_core.o
                0x08002e14                USBD_ClrClassConfig
 .text.USBD_LL_SetupStage
                0x08002e24       0x68 Middlewares\ST\STM32_USB_Device_Library\Core\Src\usbd_core.o
                0x08002e24                USBD_LL_SetupStage
 .text.USBD_LL_DataOutStage
                0x08002e8c       0x7a Middlewares\ST\STM32_USB_Device_Library\Core\Src\usbd_core.o
                0x08002e8c                USBD_LL_DataOutStage
 .text.USBD_LL_DataInStage
                0x08002f06       0xc4 Middlewares\ST\STM32_USB_Device_Library\Core\Src\usbd_core.o
                0x08002f06                USBD_LL_DataInStage
 .text.USBD_LL_Reset
                0x08002fca       0x46 Middlewares\ST\STM32_USB_Device_Library\Core\Src\usbd_core.o
                0x08002fca                USBD_LL_Reset
 .text.USBD_LL_SetSpeed
                0x08003010        0x6 Middlewares\ST\STM32_USB_Device_Library\Core\Src\usbd_core.o
                0x08003010                USBD_LL_SetSpeed
 .text.USBD_LL_Suspend
                0x08003016       0x16 Middlewares\ST\STM32_USB_Device_Library\Core\Src\usbd_core.o
                0x08003016                USBD_LL_Suspend
 .text.USBD_LL_Resume
                0x0800302c        0xe Middlewares\ST\STM32_USB_Device_Library\Core\Src\usbd_core.o
                0x0800302c                USBD_LL_Resume
 .text.USBD_LL_SOF
                0x0800303a       0x20 Middlewares\ST\STM32_USB_Device_Library\Core\Src\usbd_core.o
                0x0800303a                USBD_LL_SOF
 .text.USBD_GetLen
                0x0800305a       0x14 Middlewares\ST\STM32_USB_Device_Library\Core\Src\usbd_ctlreq.o
 .text.USBD_SetFeature
                0x0800306e       0x24 Middlewares\ST\STM32_USB_Device_Library\Core\Src\usbd_ctlreq.o
 .text.USBD_ParseSetupRequest
                0x08003092       0x28 Middlewares\ST\STM32_USB_Device_Library\Core\Src\usbd_ctlreq.o
                0x08003092                USBD_ParseSetupRequest
 .text.USBD_CtlError
                0x080030ba       0x14 Middlewares\ST\STM32_USB_Device_Library\Core\Src\usbd_ctlreq.o
                0x080030ba                USBD_CtlError
 *fill*         0x080030ce        0x2 
 .text.USBD_GetDescriptor
                0x080030d0      0x15c Middlewares\ST\STM32_USB_Device_Library\Core\Src\usbd_ctlreq.o
 .text.USBD_SetAddress
                0x0800322c       0x58 Middlewares\ST\STM32_USB_Device_Library\Core\Src\usbd_ctlreq.o
 .text.USBD_SetConfig
                0x08003284       0xb0 Middlewares\ST\STM32_USB_Device_Library\Core\Src\usbd_ctlreq.o
 .text.USBD_GetConfig
                0x08003334       0x3c Middlewares\ST\STM32_USB_Device_Library\Core\Src\usbd_ctlreq.o
 .text.USBD_GetStatus
                0x08003370       0x34 Middlewares\ST\STM32_USB_Device_Library\Core\Src\usbd_ctlreq.o
 .text.USBD_ClrFeature
                0x080033a4       0x38 Middlewares\ST\STM32_USB_Device_Library\Core\Src\usbd_ctlreq.o
 .text.USBD_StdDevReq
                0x080033dc       0x48 Middlewares\ST\STM32_USB_Device_Library\Core\Src\usbd_ctlreq.o
                0x080033dc                USBD_StdDevReq
 .text.USBD_StdItfReq
                0x08003424       0x3c Middlewares\ST\STM32_USB_Device_Library\Core\Src\usbd_ctlreq.o
                0x08003424                USBD_StdItfReq
 .text.USBD_StdEPReq
                0x08003460      0x138 Middlewares\ST\STM32_USB_Device_Library\Core\Src\usbd_ctlreq.o
                0x08003460                USBD_StdEPReq
 .text.USBD_GetString
                0x08003598       0x3c Middlewares\ST\STM32_USB_Device_Library\Core\Src\usbd_ctlreq.o
                0x08003598                USBD_GetString
 .text.USBD_CtlSendData
                0x080035d4       0x1c Middlewares\ST\STM32_USB_Device_Library\Core\Src\usbd_ioreq.o
                0x080035d4                USBD_CtlSendData
 .text.USBD_CtlContinueSendData
                0x080035f0       0x10 Middlewares\ST\STM32_USB_Device_Library\Core\Src\usbd_ioreq.o
                0x080035f0                USBD_CtlContinueSendData
 .text.USBD_CtlPrepareRx
                0x08003600       0x20 Middlewares\ST\STM32_USB_Device_Library\Core\Src\usbd_ioreq.o
                0x08003600                USBD_CtlPrepareRx
 .text.USBD_CtlContinueRx
                0x08003620       0x10 Middlewares\ST\STM32_USB_Device_Library\Core\Src\usbd_ioreq.o
                0x08003620                USBD_CtlContinueRx
 .text.USBD_CtlSendStatus
                0x08003630       0x18 Middlewares\ST\STM32_USB_Device_Library\Core\Src\usbd_ioreq.o
                0x08003630                USBD_CtlSendStatus
 .text.USBD_CtlReceiveStatus
                0x08003648       0x18 Middlewares\ST\STM32_USB_Device_Library\Core\Src\usbd_ioreq.o
                0x08003648                USBD_CtlReceiveStatus
 .text.uart_Send
                0x08003660       0x14 Src\MP3.o
                0x08003660                uart_Send
 .text.MP3_Init
                0x08003674       0x24 Src\MP3.o
                0x08003674                MP3_Init
 .text.MP3_play
                0x08003698       0x24 Src\MP3.o
                0x08003698                MP3_play
 .text.MP3_pause
                0x080036bc       0x1c Src\MP3.o
                0x080036bc                MP3_pause
 .text.MP3_playWithIndex
                0x080036d8       0x24 Src\MP3.o
                0x080036d8                MP3_playWithIndex
 .text.MX_GPIO_Init
                0x080036fc       0xc4 Src\main.o
 .text.HAL_UART_RxCpltCallback
                0x080037c0       0x64 Src\main.o
                0x080037c0                HAL_UART_RxCpltCallback
 .text.CompareUARTdata
                0x08003824       0x20 Src\main.o
                0x08003824                CompareUARTdata
 .text.CompareUSBdata
                0x08003844       0x74 Src\main.o
                0x08003844                CompareUSBdata
 .text._Error_Handler
                0x080038b8        0x2 Src\main.o
                0x080038b8                _Error_Handler
 *fill*         0x080038ba        0x2 
 .text.MX_USART1_UART_Init
                0x080038bc       0x44 Src\main.o
 .text.MX_TIM14_Init
                0x08003900       0x40 Src\main.o
 .text.MX_TIM16_Init
                0x08003940       0x40 Src\main.o
 .text.SystemClock_Config
                0x08003980       0x94 Src\main.o
                0x08003980                SystemClock_Config
 .text.main     0x08003a14      0x110 Src\main.o
                0x08003a14                main
 .text.Output_Write
                0x08003b24       0x74 Src\myFunctions.o
                0x08003b24                Output_Write
 .text.Input    0x08003b98       0xa8 Src\myFunctions.o
                0x08003b98                Input
 .text.PressedButton
                0x08003c40       0x6c Src\myFunctions.o
                0x08003c40                PressedButton
 .text.timer    0x08003cac       0x30 Src\myFunctions.o
                0x08003cac                timer
 .text.Pulse    0x08003cdc       0x28 Src\myFunctions.o
                0x08003cdc                Pulse
 .text.HAL_MspInit
                0x08003d04       0x44 Src\stm32f0xx_hal_msp.o
                0x08003d04                HAL_MspInit
 .text.HAL_TIM_Base_MspInit
                0x08003d48       0x70 Src\stm32f0xx_hal_msp.o
                0x08003d48                HAL_TIM_Base_MspInit
 .text.HAL_UART_MspInit
                0x08003db8       0x60 Src\stm32f0xx_hal_msp.o
                0x08003db8                HAL_UART_MspInit
 .text.NMI_Handler
                0x08003e18        0x2 Src\stm32f0xx_it.o
                0x08003e18                NMI_Handler
 .text.HardFault_Handler
                0x08003e1a        0x2 Src\stm32f0xx_it.o
                0x08003e1a                HardFault_Handler
 .text.SVC_Handler
                0x08003e1c        0x2 Src\stm32f0xx_it.o
                0x08003e1c                SVC_Handler
 .text.PendSV_Handler
                0x08003e1e        0x2 Src\stm32f0xx_it.o
                0x08003e1e                PendSV_Handler
 .text.SysTick_Handler
                0x08003e20        0xc Src\stm32f0xx_it.o
                0x08003e20                SysTick_Handler
 .text.EXTI2_3_IRQHandler
                0x08003e2c       0x38 Src\stm32f0xx_it.o
                0x08003e2c                EXTI2_3_IRQHandler
 .text.EXTI4_15_IRQHandler
                0x08003e64       0x54 Src\stm32f0xx_it.o
                0x08003e64                EXTI4_15_IRQHandler
 .text.TIM14_IRQHandler
                0x08003eb8       0x1c Src\stm32f0xx_it.o
                0x08003eb8                TIM14_IRQHandler
 .text.TIM16_IRQHandler
                0x08003ed4       0x10 Src\stm32f0xx_it.o
                0x08003ed4                TIM16_IRQHandler
 .text.USART1_IRQHandler
                0x08003ee4       0x10 Src\stm32f0xx_it.o
                0x08003ee4                USART1_IRQHandler
 .text.USB_IRQHandler
                0x08003ef4       0x10 Src\stm32f0xx_it.o
                0x08003ef4                USB_IRQHandler
 .text.SystemInit
                0x08003f04       0x60 Src\system_stm32f0xx.o
                0x08003f04                SystemInit
 .text.MX_USB_DEVICE_Init
                0x08003f64       0x38 Src\usb_device.o
                0x08003f64                MX_USB_DEVICE_Init
 .text.CDC_DeInit_FS
                0x08003f9c        0x4 Src\usbd_cdc_if.o
 .text.CDC_Control_FS
                0x08003fa0        0x4 Src\usbd_cdc_if.o
 .text.CDC_Receive_FS
                0x08003fa4       0x68 Src\usbd_cdc_if.o
 .text.CDC_Init_FS
                0x0800400c       0x28 Src\usbd_cdc_if.o
 .text.CDC_Transmit_FS
                0x08004034       0x30 Src\usbd_cdc_if.o
                0x08004034                CDC_Transmit_FS
 .text.SystemClockConfig_Resume
                0x08004064        0x8 Src\usbd_conf.o
 .text.HAL_PCD_MspInit
                0x0800406c       0x40 Src\usbd_conf.o
                0x0800406c                HAL_PCD_MspInit
 .text.HAL_PCD_SetupStageCallback
                0x080040ac       0x14 Src\usbd_conf.o
                0x080040ac                HAL_PCD_SetupStageCallback
 .text.HAL_PCD_DataOutStageCallback
                0x080040c0       0x1e Src\usbd_conf.o
                0x080040c0                HAL_PCD_DataOutStageCallback
 .text.HAL_PCD_DataInStageCallback
                0x080040de       0x1a Src\usbd_conf.o
                0x080040de                HAL_PCD_DataInStageCallback
 .text.HAL_PCD_SOFCallback
                0x080040f8        0xe Src\usbd_conf.o
                0x080040f8                HAL_PCD_SOFCallback
 .text.HAL_PCD_ResetCallback
                0x08004106       0x18 Src\usbd_conf.o
                0x08004106                HAL_PCD_ResetCallback
 *fill*         0x0800411e        0x2 
 .text.HAL_PCD_SuspendCallback
                0x08004120       0x24 Src\usbd_conf.o
                0x08004120                HAL_PCD_SuspendCallback
 .text.HAL_PCD_ResumeCallback
                0x08004144       0x2c Src\usbd_conf.o
                0x08004144                HAL_PCD_ResumeCallback
 .text.USBD_LL_Init
                0x08004170       0x90 Src\usbd_conf.o
                0x08004170                USBD_LL_Init
 .text.USBD_LL_Start
                0x08004200       0x20 Src\usbd_conf.o
                0x08004200                USBD_LL_Start
 .text.USBD_LL_OpenEP
                0x08004220       0x26 Src\usbd_conf.o
                0x08004220                USBD_LL_OpenEP
 .text.USBD_LL_CloseEP
                0x08004246       0x20 Src\usbd_conf.o
                0x08004246                USBD_LL_CloseEP
 .text.USBD_LL_StallEP
                0x08004266       0x20 Src\usbd_conf.o
                0x08004266                USBD_LL_StallEP
 .text.USBD_LL_ClearStallEP
                0x08004286       0x20 Src\usbd_conf.o
                0x08004286                USBD_LL_ClearStallEP
 .text.USBD_LL_IsStallEP
                0x080042a6       0x34 Src\usbd_conf.o
                0x080042a6                USBD_LL_IsStallEP
 .text.USBD_LL_SetUSBAddress
                0x080042da       0x20 Src\usbd_conf.o
                0x080042da                USBD_LL_SetUSBAddress
 .text.USBD_LL_Transmit
                0x080042fa       0x20 Src\usbd_conf.o
                0x080042fa                USBD_LL_Transmit
 .text.USBD_LL_PrepareReceive
                0x0800431a       0x20 Src\usbd_conf.o
                0x0800431a                USBD_LL_PrepareReceive
 .text.USBD_LL_GetRxDataSize
                0x0800433a        0xe Src\usbd_conf.o
                0x0800433a                USBD_LL_GetRxDataSize
 .text.USBD_static_malloc
                0x08004348        0x8 Src\usbd_conf.o
                0x08004348                USBD_static_malloc
 .text.USBD_static_free
                0x08004350        0x2 Src\usbd_conf.o
                0x08004350                USBD_static_free
 *fill*         0x08004352        0x2 
 .text.USBD_FS_DeviceDescriptor
                0x08004354        0xc Src\usbd_desc.o
                0x08004354                USBD_FS_DeviceDescriptor
 .text.USBD_FS_LangIDStrDescriptor
                0x08004360        0xc Src\usbd_desc.o
                0x08004360                USBD_FS_LangIDStrDescriptor
 .text.USBD_FS_ProductStrDescriptor
                0x0800436c       0x28 Src\usbd_desc.o
                0x0800436c                USBD_FS_ProductStrDescriptor
 .text.USBD_FS_ManufacturerStrDescriptor
                0x08004394       0x1c Src\usbd_desc.o
                0x08004394                USBD_FS_ManufacturerStrDescriptor
 .text.USBD_FS_SerialStrDescriptor
                0x080043b0       0x28 Src\usbd_desc.o
                0x080043b0                USBD_FS_SerialStrDescriptor
 .text.USBD_FS_ConfigStrDescriptor
                0x080043d8       0x28 Src\usbd_desc.o
                0x080043d8                USBD_FS_ConfigStrDescriptor
 .text.USBD_FS_InterfaceStrDescriptor
                0x08004400       0x28 Src\usbd_desc.o
                0x08004400                USBD_FS_InterfaceStrDescriptor
 .text.Reset_Handler
                0x08004428       0x70 startup\startup_stm32f042x6.o
                0x08004428                Reset_Handler
 .text.Default_Handler
                0x08004498        0x2 startup\startup_stm32f042x6.o
                0x08004498                TIM1_CC_IRQHandler
                0x08004498                TSC_IRQHandler
                0x08004498                I2C1_IRQHandler
                0x08004498                RCC_CRS_IRQHandler
                0x08004498                SPI1_IRQHandler
                0x08004498                ADC1_IRQHandler
                0x08004498                TIM17_IRQHandler
                0x08004498                CEC_CAN_IRQHandler
                0x08004498                RTC_IRQHandler
                0x08004498                PVD_VDDIO2_IRQHandler
                0x08004498                TIM3_IRQHandler
                0x08004498                DMA1_Channel1_IRQHandler
                0x08004498                Default_Handler
                0x08004498                DMA1_Channel4_5_IRQHandler
                0x08004498                EXTI0_1_IRQHandler
                0x08004498                SPI2_IRQHandler
                0x08004498                WWDG_IRQHandler
                0x08004498                TIM2_IRQHandler
                0x08004498                DMA1_Channel2_3_IRQHandler
                0x08004498                USART2_IRQHandler
                0x08004498                FLASH_IRQHandler
                0x08004498                TIM1_BRK_UP_TRG_COM_IRQHandler
 *fill*         0x0800449a        0x2 
 .text.__libc_init_array
                0x0800449c       0x48 c:/program files (x86)/atollic/truestudio for stm32 9.0.0/armtools/bin/../lib/gcc/arm-atollic-eabi/6.3.1/../../../../arm-atollic-eabi/lib/armv6-m\libc_nano.a(lib_a-init.o)
                0x0800449c                __libc_init_array
 .text.memset   0x080044e4       0x10 c:/program files (x86)/atollic/truestudio for stm32 9.0.0/armtools/bin/../lib/gcc/arm-atollic-eabi/6.3.1/../../../../arm-atollic-eabi/lib/armv6-m\libc_nano.a(lib_a-memset.o)
                0x080044e4                memset
 .text.strcpy   0x080044f4       0x10 c:/program files (x86)/atollic/truestudio for stm32 9.0.0/armtools/bin/../lib/gcc/arm-atollic-eabi/6.3.1/../../../../arm-atollic-eabi/lib/armv6-m\libc_nano.a(lib_a-strcpy.o)
                0x080044f4                strcpy
 .text.strncmp  0x08004504       0x22 c:/program files (x86)/atollic/truestudio for stm32 9.0.0/armtools/bin/../lib/gcc/arm-atollic-eabi/6.3.1/../../../../arm-atollic-eabi/lib/armv6-m\libc_nano.a(lib_a-strncmp.o)
                0x08004504                strncmp
 *(.glue_7)
 .glue_7        0x08004526        0x0 linker stubs
 *(.glue_7t)
 .glue_7t       0x08004526        0x0 linker stubs
 *(.eh_frame)
 *fill*         0x08004526        0x2 
 .eh_frame      0x08004528        0x0 c:/program files (x86)/atollic/truestudio for stm32 9.0.0/armtools/bin/../lib/gcc/arm-atollic-eabi/6.3.1/armv6-m/crtbegin.o
 *(.init)
 .init          0x08004528        0x4 c:/program files (x86)/atollic/truestudio for stm32 9.0.0/armtools/bin/../lib/gcc/arm-atollic-eabi/6.3.1/armv6-m/crti.o
                0x08004528                _init
 .init          0x0800452c        0x8 c:/program files (x86)/atollic/truestudio for stm32 9.0.0/armtools/bin/../lib/gcc/arm-atollic-eabi/6.3.1/armv6-m/crtn.o
 *(.fini)
 .fini          0x08004534        0x4 c:/program files (x86)/atollic/truestudio for stm32 9.0.0/armtools/bin/../lib/gcc/arm-atollic-eabi/6.3.1/armv6-m/crti.o
                0x08004534                _fini
 .fini          0x08004538        0x8 c:/program files (x86)/atollic/truestudio for stm32 9.0.0/armtools/bin/../lib/gcc/arm-atollic-eabi/6.3.1/armv6-m/crtn.o
                0x08004540                . = ALIGN (0x4)
                0x08004540                _etext = .

.vfp11_veneer   0x08004540        0x0
 .vfp11_veneer  0x08004540        0x0 linker stubs

.v4_bx          0x08004540        0x0
 .v4_bx         0x08004540        0x0 linker stubs

.iplt           0x08004540        0x0
 .iplt          0x08004540        0x0 c:/program files (x86)/atollic/truestudio for stm32 9.0.0/armtools/bin/../lib/gcc/arm-atollic-eabi/6.3.1/armv6-m/crtbegin.o

.rodata         0x08004540      0x1d4
                0x08004540                . = ALIGN (0x4)
 *(.rodata)
 .rodata        0x08004540       0x20 Drivers\STM32F0xx_HAL_Driver\Src\stm32f0xx_hal_rcc.o
 .rodata        0x08004560       0x40 Src\MP3.o
 *(.rodata*)
 .rodata.USBD_GetDescriptor
                0x080045a0       0x38 Middlewares\ST\STM32_USB_Device_Library\Core\Src\usbd_ctlreq.o
 .rodata.USBD_StdDevReq
                0x080045d8       0x28 Middlewares\ST\STM32_USB_Device_Library\Core\Src\usbd_ctlreq.o
 .rodata.CompareUSBdata.str1.4
                0x08004600       0x1e Src\main.o
 *fill*         0x0800461e        0x2 
 .rodata.MX_USART1_UART_Init.str1.4
                0x08004620        0xe Src\main.o
 *fill*         0x0800462e        0x2 
 .rodata.main.str1.4
                0x08004630       0x1f Src\main.o
 *fill*         0x0800464f        0x1 
 .rodata.Output_Write
                0x08004650       0x20 Src\myFunctions.o
 .rodata.PressedButton.str1.4
                0x08004670       0x20 Src\myFunctions.o
 .rodata.AHBPrescTable
                0x08004690       0x10 Src\system_stm32f0xx.o
                0x08004690                AHBPrescTable
 .rodata.APBPrescTable
                0x080046a0        0x8 Src\system_stm32f0xx.o
                0x080046a0                APBPrescTable
 .rodata.USBD_LL_Init.str1.4
                0x080046a8       0x13 Src\usbd_conf.o
 *fill*         0x080046bb        0x1 
 .rodata.USBD_FS_ConfigStrDescriptor.str1.4
                0x080046bc        0xb Src\usbd_desc.o
 *fill*         0x080046c7        0x1 
 .rodata.USBD_FS_InterfaceStrDescriptor.str1.4
                0x080046c8        0xe Src\usbd_desc.o
 *fill*         0x080046d6        0x2 
 .rodata.USBD_FS_ManufacturerStrDescriptor.str1.4
                0x080046d8       0x13 Src\usbd_desc.o
 *fill*         0x080046eb        0x1 
 .rodata.USBD_FS_ProductStrDescriptor.str1.4
                0x080046ec       0x16 Src\usbd_desc.o
 *fill*         0x08004702        0x2 
 .rodata.USBD_FS_SerialStrDescriptor.str1.4
                0x08004704       0x10 Src\usbd_desc.o
                                  0xd (size before relaxing)
                0x08004714                . = ALIGN (0x4)

.rel.dyn        0x08004714        0x0
 .rel.iplt      0x08004714        0x0 c:/program files (x86)/atollic/truestudio for stm32 9.0.0/armtools/bin/../lib/gcc/arm-atollic-eabi/6.3.1/armv6-m/crtbegin.o

.ARM.extab
 *(.ARM.extab* .gnu.linkonce.armextab.*)

.ARM            0x08004714        0x0
                0x08004714                __exidx_start = .
 *(.ARM.exidx*)
                0x08004714                __exidx_end = .

.preinit_array  0x08004714        0x0
                0x08004714                PROVIDE (__preinit_array_start, .)
 *(.preinit_array*)
                0x08004714                PROVIDE (__preinit_array_end, .)

.init_array     0x08004714        0x4
                0x08004714                PROVIDE (__init_array_start, .)
 *(SORT(.init_array.*))
 *(.init_array*)
 .init_array    0x08004714        0x4 c:/program files (x86)/atollic/truestudio for stm32 9.0.0/armtools/bin/../lib/gcc/arm-atollic-eabi/6.3.1/armv6-m/crtbegin.o
                0x08004718                PROVIDE (__init_array_end, .)

.fini_array     0x08004718        0x4
                [!provide]                PROVIDE (__fini_array_start, .)
 *(SORT(.fini_array.*))
 *(.fini_array*)
 .fini_array    0x08004718        0x4 c:/program files (x86)/atollic/truestudio for stm32 9.0.0/armtools/bin/../lib/gcc/arm-atollic-eabi/6.3.1/armv6-m/crtbegin.o
                [!provide]                PROVIDE (__fini_array_end, .)
                0x0800471c                _sidata = LOADADDR (.data)

.data           0x20000000      0x158 load address 0x0800471c
                0x20000000                . = ALIGN (0x4)
                0x20000000                _sdata = .
 *(.data)
 *(.data*)
 .data.USBD_CDC
                0x20000000       0x38 Middlewares\ST\STM32_USB_Device_Library\Class\CDC\Src\usbd_cdc.o
                0x20000000                USBD_CDC
 .data.USBD_CDC_CfgFSDesc
                0x20000038       0x43 Middlewares\ST\STM32_USB_Device_Library\Class\CDC\Src\usbd_cdc.o
                0x20000038                USBD_CDC_CfgFSDesc
 *fill*         0x2000007b        0x1 
 .data.USBD_CDC_CfgHSDesc
                0x2000007c       0x43 Middlewares\ST\STM32_USB_Device_Library\Class\CDC\Src\usbd_cdc.o
                0x2000007c                USBD_CDC_CfgHSDesc
 *fill*         0x200000bf        0x1 
 .data.USBD_CDC_DeviceQualifierDesc
                0x200000c0        0xa Middlewares\ST\STM32_USB_Device_Library\Class\CDC\Src\usbd_cdc.o
 *fill*         0x200000ca        0x2 
 .data.USBD_CDC_OtherSpeedCfgDesc
                0x200000cc       0x43 Middlewares\ST\STM32_USB_Device_Library\Class\CDC\Src\usbd_cdc.o
                0x200000cc                USBD_CDC_OtherSpeedCfgDesc
 *fill*         0x2000010f        0x1 
 .data.SystemCoreClock
                0x20000110        0x4 Src\system_stm32f0xx.o
                0x20000110                SystemCoreClock
 .data.USBD_Interface_fops_FS
                0x20000114       0x10 Src\usbd_cdc_if.o
                0x20000114                USBD_Interface_fops_FS
 .data.FS_Desc  0x20000124       0x1c Src\usbd_desc.o
                0x20000124                FS_Desc
 .data.USBD_FS_DeviceDesc
                0x20000140       0x12 Src\usbd_desc.o
                0x20000140                USBD_FS_DeviceDesc
 *fill*         0x20000152        0x2 
 .data.USBD_LangIDDesc
                0x20000154        0x4 Src\usbd_desc.o
                0x20000154                USBD_LangIDDesc
                0x20000158                . = ALIGN (0x4)
                0x20000158                _edata = .

.igot.plt       0x20000158        0x0 load address 0x08004874
 .igot.plt      0x20000158        0x0 c:/program files (x86)/atollic/truestudio for stm32 9.0.0/armtools/bin/../lib/gcc/arm-atollic-eabi/6.3.1/armv6-m/crtbegin.o
                0x20000158                . = ALIGN (0x4)

.bss            0x20000158      0xa54 load address 0x08004874
                0x20000158                _sbss = .
                0x20000158                __bss_start__ = _sbss
 *(.bss)
 .bss           0x20000158       0x1c c:/program files (x86)/atollic/truestudio for stm32 9.0.0/armtools/bin/../lib/gcc/arm-atollic-eabi/6.3.1/armv6-m/crtbegin.o
 *(.bss*)
 .bss.ifalt.8095
                0x20000174        0x1 Middlewares\ST\STM32_USB_Device_Library\Class\CDC\Src\usbd_cdc.o
 .bss.cfgidx.8100
                0x20000175        0x1 Middlewares\ST\STM32_USB_Device_Library\Core\Src\usbd_ctlreq.o
 .bss.Button_press
                0x20000176        0x1 Src\main.o
                0x20000176                Button_press
 .bss.Input_Number
                0x20000177        0x1 Src\main.o
                0x20000177                Input_Number
 .bss.i.7930    0x20000178        0x1 Src\main.o
 .bss.channel   0x20000179        0x1 Src\myFunctions.o
                0x20000179                channel
 *fill*         0x2000017a        0x2 
 .bss.mem.8258  0x2000017c      0x220 Src\usbd_conf.o
 *(COMMON)
 COMMON         0x2000039c        0x4 Drivers\STM32F0xx_HAL_Driver\Src\stm32f0xx_hal.o
                0x2000039c                uwTick
 COMMON         0x200003a0       0x7c Src\MP3.o
                0x200003a0                tick
                0x200003b0                usb
 COMMON         0x2000041c      0x220 Src\main.o
                0x2000041c                UART1
                0x2000054c                huart1
                0x200005bc                htim14
                0x200005fc                htim16
 COMMON         0x2000063c      0x224 Src\usb_device.o
                0x2000063c                hUsbDeviceFS
 COMMON         0x20000860       0xc8 Src\usbd_cdc_if.o
                0x20000860                UserRxBufferFS
                0x200008c4                UserTxBufferFS
 COMMON         0x20000928      0x220 Src\usbd_conf.o
                0x20000928                hpcd_USB_FS
 COMMON         0x20000b48       0x64 Src\usbd_desc.o
                0x20000b48                USBD_StrDesc
                0x20000bac                . = ALIGN (0x4)
                0x20000bac                _ebss = .
                0x20000bac                __bss_end__ = _ebss

._user_heap_stack
                0x20000bac      0x600 load address 0x08004874
                0x20000bac                . = ALIGN (0x4)
                [!provide]                PROVIDE (end, .)
                [!provide]                PROVIDE (_end, .)
                0x20000dac                . = (. + _Min_Heap_Size)
 *fill*         0x20000bac      0x200 
                0x200011ac                . = (. + _Min_Stack_Size)
 *fill*         0x20000dac      0x400 
                0x200011ac                . = ALIGN (0x4)

/DISCARD/
 libc.a(*)
 libm.a(*)
 libgcc.a(*)

.ARM.attributes
                0x00000000       0x28
 *(.ARM.attributes)
 .ARM.attributes
                0x00000000       0x1e c:/program files (x86)/atollic/truestudio for stm32 9.0.0/armtools/bin/../lib/gcc/arm-atollic-eabi/6.3.1/armv6-m/crti.o
 .ARM.attributes
                0x0000001e       0x2c c:/program files (x86)/atollic/truestudio for stm32 9.0.0/armtools/bin/../lib/gcc/arm-atollic-eabi/6.3.1/armv6-m/crtbegin.o
 .ARM.attributes
                0x0000004a       0x31 Drivers\STM32F0xx_HAL_Driver\Src\stm32f0xx_hal.o
 .ARM.attributes
                0x0000007b       0x31 Drivers\STM32F0xx_HAL_Driver\Src\stm32f0xx_hal_cortex.o
 .ARM.attributes
                0x000000ac       0x31 Drivers\STM32F0xx_HAL_Driver\Src\stm32f0xx_hal_dma.o
 .ARM.attributes
                0x000000dd       0x31 Drivers\STM32F0xx_HAL_Driver\Src\stm32f0xx_hal_gpio.o
 .ARM.attributes
                0x0000010e       0x31 Drivers\STM32F0xx_HAL_Driver\Src\stm32f0xx_hal_pcd.o
 .ARM.attributes
                0x0000013f       0x31 Drivers\STM32F0xx_HAL_Driver\Src\stm32f0xx_hal_pcd_ex.o
 .ARM.attributes
                0x00000170       0x31 Drivers\STM32F0xx_HAL_Driver\Src\stm32f0xx_hal_rcc.o
 .ARM.attributes
                0x000001a1       0x31 Drivers\STM32F0xx_HAL_Driver\Src\stm32f0xx_hal_rcc_ex.o
 .ARM.attributes
                0x000001d2       0x31 Drivers\STM32F0xx_HAL_Driver\Src\stm32f0xx_hal_tim.o
 .ARM.attributes
                0x00000203       0x31 Drivers\STM32F0xx_HAL_Driver\Src\stm32f0xx_hal_tim_ex.o
 .ARM.attributes
                0x00000234       0x31 Drivers\STM32F0xx_HAL_Driver\Src\stm32f0xx_hal_uart.o
 .ARM.attributes
                0x00000265       0x31 Drivers\STM32F0xx_HAL_Driver\Src\stm32f0xx_hal_uart_ex.o
 .ARM.attributes
                0x00000296       0x31 Middlewares\ST\STM32_USB_Device_Library\Class\CDC\Src\usbd_cdc.o
 .ARM.attributes
                0x000002c7       0x31 Middlewares\ST\STM32_USB_Device_Library\Core\Src\usbd_core.o
 .ARM.attributes
                0x000002f8       0x31 Middlewares\ST\STM32_USB_Device_Library\Core\Src\usbd_ctlreq.o
 .ARM.attributes
                0x00000329       0x31 Middlewares\ST\STM32_USB_Device_Library\Core\Src\usbd_ioreq.o
 .ARM.attributes
                0x0000035a       0x31 Src\MP3.o
 .ARM.attributes
                0x0000038b       0x31 Src\main.o
 .ARM.attributes
                0x000003bc       0x31 Src\myFunctions.o
 .ARM.attributes
                0x000003ed       0x31 Src\stm32f0xx_hal_msp.o
 .ARM.attributes
                0x0000041e       0x31 Src\stm32f0xx_it.o
 .ARM.attributes
                0x0000044f       0x31 Src\system_stm32f0xx.o
 .ARM.attributes
                0x00000480       0x31 Src\usb_device.o
 .ARM.attributes
                0x000004b1       0x31 Src\usbd_cdc_if.o
 .ARM.attributes
                0x000004e2       0x31 Src\usbd_conf.o
 .ARM.attributes
                0x00000513       0x31 Src\usbd_desc.o
 .ARM.attributes
                0x00000544       0x21 startup\startup_stm32f042x6.o
 .ARM.attributes
                0x00000565       0x2c c:/program files (x86)/atollic/truestudio for stm32 9.0.0/armtools/bin/../lib/gcc/arm-atollic-eabi/6.3.1/../../../../arm-atollic-eabi/lib/armv6-m\libc_nano.a(lib_a-init.o)
 .ARM.attributes
                0x00000591       0x2c c:/program files (x86)/atollic/truestudio for stm32 9.0.0/armtools/bin/../lib/gcc/arm-atollic-eabi/6.3.1/../../../../arm-atollic-eabi/lib/armv6-m\libc_nano.a(lib_a-memset.o)
 .ARM.attributes
                0x000005bd       0x2c c:/program files (x86)/atollic/truestudio for stm32 9.0.0/armtools/bin/../lib/gcc/arm-atollic-eabi/6.3.1/../../../../arm-atollic-eabi/lib/armv6-m\libc_nano.a(lib_a-strcpy.o)
 .ARM.attributes
                0x000005e9       0x2c c:/program files (x86)/atollic/truestudio for stm32 9.0.0/armtools/bin/../lib/gcc/arm-atollic-eabi/6.3.1/../../../../arm-atollic-eabi/lib/armv6-m\libc_nano.a(lib_a-strncmp.o)
 .ARM.attributes
                0x00000615       0x1e c:/program files (x86)/atollic/truestudio for stm32 9.0.0/armtools/bin/../lib/gcc/arm-atollic-eabi/6.3.1/armv6-m\libgcc.a(_udivsi3.o)
 .ARM.attributes
                0x00000633       0x1e c:/program files (x86)/atollic/truestudio for stm32 9.0.0/armtools/bin/../lib/gcc/arm-atollic-eabi/6.3.1/armv6-m\libgcc.a(_dvmd_tls.o)
 .ARM.attributes
                0x00000651       0x1e c:/program files (x86)/atollic/truestudio for stm32 9.0.0/armtools/bin/../lib/gcc/arm-atollic-eabi/6.3.1/armv6-m/crtn.o
OUTPUT(Puzzle Controller V2.0.elf elf32-littlearm)

.debug_info     0x00000000    0x22105
 .debug_info    0x00000000      0xe6a Drivers\STM32F0xx_HAL_Driver\Src\stm32f0xx_hal.o
 .debug_info    0x00000e6a      0xfcf Drivers\STM32F0xx_HAL_Driver\Src\stm32f0xx_hal_cortex.o
 .debug_info    0x00001e39     0x101f Drivers\STM32F0xx_HAL_Driver\Src\stm32f0xx_hal_dma.o
 .debug_info    0x00002e58      0xe5b Drivers\STM32F0xx_HAL_Driver\Src\stm32f0xx_hal_gpio.o
 .debug_info    0x00003cb3     0x1b64 Drivers\STM32F0xx_HAL_Driver\Src\stm32f0xx_hal_pcd.o
 .debug_info    0x00005817      0xdad Drivers\STM32F0xx_HAL_Driver\Src\stm32f0xx_hal_pcd_ex.o
 .debug_info    0x000065c4     0x1177 Drivers\STM32F0xx_HAL_Driver\Src\stm32f0xx_hal_rcc.o
 .debug_info    0x0000773b      0xed1 Drivers\STM32F0xx_HAL_Driver\Src\stm32f0xx_hal_rcc_ex.o
 .debug_info    0x0000860c     0x36d8 Drivers\STM32F0xx_HAL_Driver\Src\stm32f0xx_hal_tim.o
 .debug_info    0x0000bce4     0x1a86 Drivers\STM32F0xx_HAL_Driver\Src\stm32f0xx_hal_tim_ex.o
 .debug_info    0x0000d76a     0x2081 Drivers\STM32F0xx_HAL_Driver\Src\stm32f0xx_hal_uart.o
 .debug_info    0x0000f7eb     0x11e3 Drivers\STM32F0xx_HAL_Driver\Src\stm32f0xx_hal_uart_ex.o
 .debug_info    0x000109ce     0x1557 Middlewares\ST\STM32_USB_Device_Library\Class\CDC\Src\usbd_cdc.o
 .debug_info    0x00011f25     0x1456 Middlewares\ST\STM32_USB_Device_Library\Core\Src\usbd_core.o
 .debug_info    0x0001337b     0x166e Middlewares\ST\STM32_USB_Device_Library\Core\Src\usbd_ctlreq.o
 .debug_info    0x000149e9      0xf9e Middlewares\ST\STM32_USB_Device_Library\Core\Src\usbd_ioreq.o
 .debug_info    0x00015987     0x119c Src\MP3.o
 .debug_info    0x00016b23     0x2218 Src\main.o
 .debug_info    0x00018d3b      0xed3 Src\myFunctions.o
 .debug_info    0x00019c0e     0x15d8 Src\stm32f0xx_hal_msp.o
 .debug_info    0x0001b1e6     0x182b Src\stm32f0xx_it.o
 .debug_info    0x0001ca11      0xa67 Src\system_stm32f0xx.o
 .debug_info    0x0001d478      0xe56 Src\usb_device.o
 .debug_info    0x0001e2ce     0x112e Src\usbd_cdc_if.o
 .debug_info    0x0001f3fc     0x1f36 Src\usbd_conf.o
 .debug_info    0x00021332      0xd26 Src\usbd_desc.o
 .debug_info    0x00022058       0xad startup\startup_stm32f042x6.o

.debug_abbrev   0x00000000     0x4165
 .debug_abbrev  0x00000000      0x2b9 Drivers\STM32F0xx_HAL_Driver\Src\stm32f0xx_hal.o
 .debug_abbrev  0x000002b9      0x2fa Drivers\STM32F0xx_HAL_Driver\Src\stm32f0xx_hal_cortex.o
 .debug_abbrev  0x000005b3      0x2a2 Drivers\STM32F0xx_HAL_Driver\Src\stm32f0xx_hal_dma.o
 .debug_abbrev  0x00000855      0x26a Drivers\STM32F0xx_HAL_Driver\Src\stm32f0xx_hal_gpio.o
 .debug_abbrev  0x00000abf      0x339 Drivers\STM32F0xx_HAL_Driver\Src\stm32f0xx_hal_pcd.o
 .debug_abbrev  0x00000df8      0x1cc Drivers\STM32F0xx_HAL_Driver\Src\stm32f0xx_hal_pcd_ex.o
 .debug_abbrev  0x00000fc4      0x2ad Drivers\STM32F0xx_HAL_Driver\Src\stm32f0xx_hal_rcc.o
 .debug_abbrev  0x00001271      0x29c Drivers\STM32F0xx_HAL_Driver\Src\stm32f0xx_hal_rcc_ex.o
 .debug_abbrev  0x0000150d      0x2a1 Drivers\STM32F0xx_HAL_Driver\Src\stm32f0xx_hal_tim.o
 .debug_abbrev  0x000017ae      0x2a1 Drivers\STM32F0xx_HAL_Driver\Src\stm32f0xx_hal_tim_ex.o
 .debug_abbrev  0x00001a4f      0x28e Drivers\STM32F0xx_HAL_Driver\Src\stm32f0xx_hal_uart.o
 .debug_abbrev  0x00001cdd      0x283 Drivers\STM32F0xx_HAL_Driver\Src\stm32f0xx_hal_uart_ex.o
 .debug_abbrev  0x00001f60      0x2d9 Middlewares\ST\STM32_USB_Device_Library\Class\CDC\Src\usbd_cdc.o
 .debug_abbrev  0x00002239      0x286 Middlewares\ST\STM32_USB_Device_Library\Core\Src\usbd_core.o
 .debug_abbrev  0x000024bf      0x2e7 Middlewares\ST\STM32_USB_Device_Library\Core\Src\usbd_ctlreq.o
 .debug_abbrev  0x000027a6      0x1d3 Middlewares\ST\STM32_USB_Device_Library\Core\Src\usbd_ioreq.o
 .debug_abbrev  0x00002979      0x264 Src\MP3.o
 .debug_abbrev  0x00002bdd      0x33d Src\main.o
 .debug_abbrev  0x00002f1a      0x264 Src\myFunctions.o
 .debug_abbrev  0x0000317e      0x226 Src\stm32f0xx_hal_msp.o
 .debug_abbrev  0x000033a4      0x24a Src\stm32f0xx_it.o
 .debug_abbrev  0x000035ee      0x1ca Src\system_stm32f0xx.o
 .debug_abbrev  0x000037b8      0x1d6 Src\usb_device.o
 .debug_abbrev  0x0000398e      0x2b4 Src\usbd_cdc_if.o
 .debug_abbrev  0x00003c42      0x2e8 Src\usbd_conf.o
 .debug_abbrev  0x00003f2a      0x229 Src\usbd_desc.o
 .debug_abbrev  0x00004153       0x12 startup\startup_stm32f042x6.o

.debug_loc      0x00000000     0xc1db
 .debug_loc     0x00000000       0x7c Drivers\STM32F0xx_HAL_Driver\Src\stm32f0xx_hal.o
 .debug_loc     0x0000007c      0x393 Drivers\STM32F0xx_HAL_Driver\Src\stm32f0xx_hal_cortex.o
 .debug_loc     0x0000040f      0x7ee Drivers\STM32F0xx_HAL_Driver\Src\stm32f0xx_hal_dma.o
 .debug_loc     0x00000bfd      0x2b2 Drivers\STM32F0xx_HAL_Driver\Src\stm32f0xx_hal_gpio.o
 .debug_loc     0x00000eaf     0x1354 Drivers\STM32F0xx_HAL_Driver\Src\stm32f0xx_hal_pcd.o
 .debug_loc     0x00002203       0xea Drivers\STM32F0xx_HAL_Driver\Src\stm32f0xx_hal_pcd_ex.o
 .debug_loc     0x000022ed      0x4ba Drivers\STM32F0xx_HAL_Driver\Src\stm32f0xx_hal_rcc.o
 .debug_loc     0x000027a7      0x6e9 Drivers\STM32F0xx_HAL_Driver\Src\stm32f0xx_hal_rcc_ex.o
 .debug_loc     0x00002e90     0x381e Drivers\STM32F0xx_HAL_Driver\Src\stm32f0xx_hal_tim.o
 .debug_loc     0x000066ae     0x110a Drivers\STM32F0xx_HAL_Driver\Src\stm32f0xx_hal_tim_ex.o
 .debug_loc     0x000077b8     0x1746 Drivers\STM32F0xx_HAL_Driver\Src\stm32f0xx_hal_uart.o
 .debug_loc     0x00008efe      0x41f Drivers\STM32F0xx_HAL_Driver\Src\stm32f0xx_hal_uart_ex.o
 .debug_loc     0x0000931d      0x57f Middlewares\ST\STM32_USB_Device_Library\Class\CDC\Src\usbd_cdc.o
 .debug_loc     0x0000989c      0x75d Middlewares\ST\STM32_USB_Device_Library\Core\Src\usbd_core.o
 .debug_loc     0x00009ff9      0xb59 Middlewares\ST\STM32_USB_Device_Library\Core\Src\usbd_ctlreq.o
 .debug_loc     0x0000ab52      0x23c Middlewares\ST\STM32_USB_Device_Library\Core\Src\usbd_ioreq.o
 .debug_loc     0x0000ad8e       0x59 Src\MP3.o
 .debug_loc     0x0000ade7       0x53 Src\main.o
 .debug_loc     0x0000ae3a      0x17a Src\myFunctions.o
 .debug_loc     0x0000afb4      0x11a Src\stm32f0xx_hal_msp.o
 .debug_loc     0x0000b0ce       0xfe Src\system_stm32f0xx.o
 .debug_loc     0x0000b1cc      0x143 Src\usbd_cdc_if.o
 .debug_loc     0x0000b30f      0xc15 Src\usbd_conf.o
 .debug_loc     0x0000bf24      0x2b7 Src\usbd_desc.o

.debug_aranges  0x00000000     0x1148
 .debug_aranges
                0x00000000       0xb8 Drivers\STM32F0xx_HAL_Driver\Src\stm32f0xx_hal.o
 .debug_aranges
                0x000000b8       0x78 Drivers\STM32F0xx_HAL_Driver\Src\stm32f0xx_hal_cortex.o
 .debug_aranges
                0x00000130       0x88 Drivers\STM32F0xx_HAL_Driver\Src\stm32f0xx_hal_dma.o
 .debug_aranges
                0x000001b8       0x58 Drivers\STM32F0xx_HAL_Driver\Src\stm32f0xx_hal_gpio.o
 .debug_aranges
                0x00000210      0x130 Drivers\STM32F0xx_HAL_Driver\Src\stm32f0xx_hal_pcd.o
 .debug_aranges
                0x00000340       0x20 Drivers\STM32F0xx_HAL_Driver\Src\stm32f0xx_hal_pcd_ex.o
 .debug_aranges
                0x00000360       0x80 Drivers\STM32F0xx_HAL_Driver\Src\stm32f0xx_hal_rcc.o
 .debug_aranges
                0x000003e0       0x78 Drivers\STM32F0xx_HAL_Driver\Src\stm32f0xx_hal_rcc_ex.o
 .debug_aranges
                0x00000458      0x378 Drivers\STM32F0xx_HAL_Driver\Src\stm32f0xx_hal_tim.o
 .debug_aranges
                0x000007d0      0x140 Drivers\STM32F0xx_HAL_Driver\Src\stm32f0xx_hal_tim_ex.o
 .debug_aranges
                0x00000910      0x1d8 Drivers\STM32F0xx_HAL_Driver\Src\stm32f0xx_hal_uart.o
 .debug_aranges
                0x00000ae8       0x60 Drivers\STM32F0xx_HAL_Driver\Src\stm32f0xx_hal_uart_ex.o
 .debug_aranges
                0x00000b48       0x90 Middlewares\ST\STM32_USB_Device_Library\Class\CDC\Src\usbd_cdc.o
 .debug_aranges
                0x00000bd8       0xb8 Middlewares\ST\STM32_USB_Device_Library\Core\Src\usbd_core.o
 .debug_aranges
                0x00000c90       0x88 Middlewares\ST\STM32_USB_Device_Library\Core\Src\usbd_ctlreq.o
 .debug_aranges
                0x00000d18       0x50 Middlewares\ST\STM32_USB_Device_Library\Core\Src\usbd_ioreq.o
 .debug_aranges
                0x00000d68       0x68 Src\MP3.o
 .debug_aranges
                0x00000dd0       0x68 Src\main.o
 .debug_aranges
                0x00000e38       0x48 Src\myFunctions.o
 .debug_aranges
                0x00000e80       0x40 Src\stm32f0xx_hal_msp.o
 .debug_aranges
                0x00000ec0       0x70 Src\stm32f0xx_it.o
 .debug_aranges
                0x00000f30       0x28 Src\system_stm32f0xx.o
 .debug_aranges
                0x00000f58       0x20 Src\usb_device.o
 .debug_aranges
                0x00000f78       0x40 Src\usbd_cdc_if.o
 .debug_aranges
                0x00000fb8      0x118 Src\usbd_conf.o
 .debug_aranges
                0x000010d0       0x50 Src\usbd_desc.o
 .debug_aranges
                0x00001120       0x28 startup\startup_stm32f042x6.o

.debug_ranges   0x00000000     0x1120
 .debug_ranges  0x00000000       0xa8 Drivers\STM32F0xx_HAL_Driver\Src\stm32f0xx_hal.o
 .debug_ranges  0x000000a8       0xb0 Drivers\STM32F0xx_HAL_Driver\Src\stm32f0xx_hal_cortex.o
 .debug_ranges  0x00000158       0x78 Drivers\STM32F0xx_HAL_Driver\Src\stm32f0xx_hal_dma.o
 .debug_ranges  0x000001d0       0x48 Drivers\STM32F0xx_HAL_Driver\Src\stm32f0xx_hal_gpio.o
 .debug_ranges  0x00000218      0x210 Drivers\STM32F0xx_HAL_Driver\Src\stm32f0xx_hal_pcd.o
 .debug_ranges  0x00000428       0x10 Drivers\STM32F0xx_HAL_Driver\Src\stm32f0xx_hal_pcd_ex.o
 .debug_ranges  0x00000438       0x88 Drivers\STM32F0xx_HAL_Driver\Src\stm32f0xx_hal_rcc.o
 .debug_ranges  0x000004c0       0x80 Drivers\STM32F0xx_HAL_Driver\Src\stm32f0xx_hal_rcc_ex.o
 .debug_ranges  0x00000540      0x368 Drivers\STM32F0xx_HAL_Driver\Src\stm32f0xx_hal_tim.o
 .debug_ranges  0x000008a8      0x130 Drivers\STM32F0xx_HAL_Driver\Src\stm32f0xx_hal_tim_ex.o
 .debug_ranges  0x000009d8      0x1c8 Drivers\STM32F0xx_HAL_Driver\Src\stm32f0xx_hal_uart.o
 .debug_ranges  0x00000ba0       0x50 Drivers\STM32F0xx_HAL_Driver\Src\stm32f0xx_hal_uart_ex.o
 .debug_ranges  0x00000bf0       0x80 Middlewares\ST\STM32_USB_Device_Library\Class\CDC\Src\usbd_cdc.o
 .debug_ranges  0x00000c70       0xa8 Middlewares\ST\STM32_USB_Device_Library\Core\Src\usbd_core.o
 .debug_ranges  0x00000d18       0x78 Middlewares\ST\STM32_USB_Device_Library\Core\Src\usbd_ctlreq.o
 .debug_ranges  0x00000d90       0x40 Middlewares\ST\STM32_USB_Device_Library\Core\Src\usbd_ioreq.o
 .debug_ranges  0x00000dd0       0x58 Src\MP3.o
 .debug_ranges  0x00000e28       0x70 Src\main.o
 .debug_ranges  0x00000e98       0x38 Src\myFunctions.o
 .debug_ranges  0x00000ed0       0x30 Src\stm32f0xx_hal_msp.o
 .debug_ranges  0x00000f00       0x60 Src\stm32f0xx_it.o
 .debug_ranges  0x00000f60       0x18 Src\system_stm32f0xx.o
 .debug_ranges  0x00000f78       0x10 Src\usb_device.o
 .debug_ranges  0x00000f88       0x30 Src\usbd_cdc_if.o
 .debug_ranges  0x00000fb8      0x108 Src\usbd_conf.o
 .debug_ranges  0x000010c0       0x40 Src\usbd_desc.o
 .debug_ranges  0x00001100       0x20 startup\startup_stm32f042x6.o

.debug_line     0x00000000     0x8d52
 .debug_line    0x00000000      0x42d Drivers\STM32F0xx_HAL_Driver\Src\stm32f0xx_hal.o
 .debug_line    0x0000042d      0x3c9 Drivers\STM32F0xx_HAL_Driver\Src\stm32f0xx_hal_cortex.o
 .debug_line    0x000007f6      0x4e6 Drivers\STM32F0xx_HAL_Driver\Src\stm32f0xx_hal_dma.o
 .debug_line    0x00000cdc      0x3d4 Drivers\STM32F0xx_HAL_Driver\Src\stm32f0xx_hal_gpio.o
 .debug_line    0x000010b0      0x933 Drivers\STM32F0xx_HAL_Driver\Src\stm32f0xx_hal_pcd.o
 .debug_line    0x000019e3      0x29b Drivers\STM32F0xx_HAL_Driver\Src\stm32f0xx_hal_pcd_ex.o
 .debug_line    0x00001c7e      0x565 Drivers\STM32F0xx_HAL_Driver\Src\stm32f0xx_hal_rcc.o
 .debug_line    0x000021e3      0x4e9 Drivers\STM32F0xx_HAL_Driver\Src\stm32f0xx_hal_rcc_ex.o
 .debug_line    0x000026cc     0x1455 Drivers\STM32F0xx_HAL_Driver\Src\stm32f0xx_hal_tim.o
 .debug_line    0x00003b21      0x87e Drivers\STM32F0xx_HAL_Driver\Src\stm32f0xx_hal_tim_ex.o
 .debug_line    0x0000439f      0xce7 Drivers\STM32F0xx_HAL_Driver\Src\stm32f0xx_hal_uart.o
 .debug_line    0x00005086      0x44a Drivers\STM32F0xx_HAL_Driver\Src\stm32f0xx_hal_uart_ex.o
 .debug_line    0x000054d0      0x4db Middlewares\ST\STM32_USB_Device_Library\Class\CDC\Src\usbd_cdc.o
 .debug_line    0x000059ab      0x4f7 Middlewares\ST\STM32_USB_Device_Library\Core\Src\usbd_core.o
 .debug_line    0x00005ea2      0x514 Middlewares\ST\STM32_USB_Device_Library\Core\Src\usbd_ctlreq.o
 .debug_line    0x000063b6      0x35f Middlewares\ST\STM32_USB_Device_Library\Core\Src\usbd_ioreq.o
 .debug_line    0x00006715      0x334 Src\MP3.o
 .debug_line    0x00006a49      0x530 Src\main.o
 .debug_line    0x00006f79      0x322 Src\myFunctions.o
 .debug_line    0x0000729b      0x34e Src\stm32f0xx_hal_msp.o
 .debug_line    0x000075e9      0x3d9 Src\stm32f0xx_it.o
 .debug_line    0x000079c2      0x256 Src\system_stm32f0xx.o
 .debug_line    0x00007c18      0x33f Src\usb_device.o
 .debug_line    0x00007f57      0x375 Src\usbd_cdc_if.o
 .debug_line    0x000082cc      0x6a2 Src\usbd_conf.o
 .debug_line    0x0000896e      0x351 Src\usbd_desc.o
 .debug_line    0x00008cbf       0x93 startup\startup_stm32f042x6.o

.debug_str      0x00000000     0x4d0a
 .debug_str     0x00000000      0x9fd Drivers\STM32F0xx_HAL_Driver\Src\stm32f0xx_hal.o
                                0xa90 (size before relaxing)
 .debug_str     0x000009fd      0x1f8 Drivers\STM32F0xx_HAL_Driver\Src\stm32f0xx_hal_cortex.o
                                0xa98 (size before relaxing)
 .debug_str     0x00000bf5      0x3ef Drivers\STM32F0xx_HAL_Driver\Src\stm32f0xx_hal_dma.o
                                0xaae (size before relaxing)
 .debug_str     0x00000fe4      0x1c1 Drivers\STM32F0xx_HAL_Driver\Src\stm32f0xx_hal_gpio.o
                                0x89f (size before relaxing)
 .debug_str     0x000011a5      0x630 Drivers\STM32F0xx_HAL_Driver\Src\stm32f0xx_hal_pcd.o
                                0xd2b (size before relaxing)
 .debug_str     0x000017d5       0x57 Drivers\STM32F0xx_HAL_Driver\Src\stm32f0xx_hal_pcd_ex.o
                                0x998 (size before relaxing)
 .debug_str     0x0000182c      0x2eb Drivers\STM32F0xx_HAL_Driver\Src\stm32f0xx_hal_rcc.o
                                0xa83 (size before relaxing)
 .debug_str     0x00001b17      0x345 Drivers\STM32F0xx_HAL_Driver\Src\stm32f0xx_hal_rcc_ex.o
                                0xa91 (size before relaxing)
 .debug_str     0x00001e5c      0xf40 Drivers\STM32F0xx_HAL_Driver\Src\stm32f0xx_hal_tim.o
                               0x181a (size before relaxing)
 .debug_str     0x00002d9c      0x50d Drivers\STM32F0xx_HAL_Driver\Src\stm32f0xx_hal_tim_ex.o
                               0x108c (size before relaxing)
 .debug_str     0x000032a9      0x881 Drivers\STM32F0xx_HAL_Driver\Src\stm32f0xx_hal_uart.o
                               0x1207 (size before relaxing)
 .debug_str     0x00003b2a      0x177 Drivers\STM32F0xx_HAL_Driver\Src\stm32f0xx_hal_uart_ex.o
                                0xcf2 (size before relaxing)
 .debug_str     0x00003ca1      0x647 Middlewares\ST\STM32_USB_Device_Library\Class\CDC\Src\usbd_cdc.o
                                0xd43 (size before relaxing)
 .debug_str     0x000042e8      0x2a7 Middlewares\ST\STM32_USB_Device_Library\Core\Src\usbd_core.o
                                0xcb5 (size before relaxing)
 .debug_str     0x0000458f      0x12e Middlewares\ST\STM32_USB_Device_Library\Core\Src\usbd_ctlreq.o
                                0xbcf (size before relaxing)
 .debug_str     0x000046bd       0x51 Middlewares\ST\STM32_USB_Device_Library\Core\Src\usbd_ioreq.o
                                0xafc (size before relaxing)
 .debug_str     0x0000470e       0xd3 Src\MP3.o
                                0xbbf (size before relaxing)
 .debug_str     0x000047e1      0x169 Src\main.o
                               0x1783 (size before relaxing)
 .debug_str     0x0000494a       0x51 Src\myFunctions.o
                                0x79d (size before relaxing)
 .debug_str     0x0000499b       0x25 Src\stm32f0xx_hal_msp.o
                                0xfa1 (size before relaxing)
 .debug_str     0x000049c0       0xd5 Src\stm32f0xx_it.o
                               0x10ed (size before relaxing)
 .debug_str     0x00004a95       0x3b Src\system_stm32f0xx.o
                                0x6c5 (size before relaxing)
 .debug_str     0x00004ad0       0x2b Src\usb_device.o
                                0xa95 (size before relaxing)
 .debug_str     0x00004afb       0x6b Src\usbd_cdc_if.o
                                0xbea (size before relaxing)
 .debug_str     0x00004b66       0x96 Src\usbd_conf.o
                               0x1463 (size before relaxing)
 .debug_str     0x00004bfc      0x10e Src\usbd_desc.o
                                0x870 (size before relaxing)

.comment        0x00000000       0x7c
 .comment       0x00000000       0x7c Drivers\STM32F0xx_HAL_Driver\Src\stm32f0xx_hal.o
                                 0x7d (size before relaxing)
 .comment       0x0000007c       0x7d Drivers\STM32F0xx_HAL_Driver\Src\stm32f0xx_hal_cortex.o
 .comment       0x0000007c       0x7d Drivers\STM32F0xx_HAL_Driver\Src\stm32f0xx_hal_dma.o
 .comment       0x0000007c       0x7d Drivers\STM32F0xx_HAL_Driver\Src\stm32f0xx_hal_gpio.o
 .comment       0x0000007c       0x7d Drivers\STM32F0xx_HAL_Driver\Src\stm32f0xx_hal_pcd.o
 .comment       0x0000007c       0x7d Drivers\STM32F0xx_HAL_Driver\Src\stm32f0xx_hal_pcd_ex.o
 .comment       0x0000007c       0x7d Drivers\STM32F0xx_HAL_Driver\Src\stm32f0xx_hal_rcc.o
 .comment       0x0000007c       0x7d Drivers\STM32F0xx_HAL_Driver\Src\stm32f0xx_hal_rcc_ex.o
 .comment       0x0000007c       0x7d Drivers\STM32F0xx_HAL_Driver\Src\stm32f0xx_hal_tim.o
 .comment       0x0000007c       0x7d Drivers\STM32F0xx_HAL_Driver\Src\stm32f0xx_hal_tim_ex.o
 .comment       0x0000007c       0x7d Drivers\STM32F0xx_HAL_Driver\Src\stm32f0xx_hal_uart.o
 .comment       0x0000007c       0x7d Drivers\STM32F0xx_HAL_Driver\Src\stm32f0xx_hal_uart_ex.o
 .comment       0x0000007c       0x7d Middlewares\ST\STM32_USB_Device_Library\Class\CDC\Src\usbd_cdc.o
 .comment       0x0000007c       0x7d Middlewares\ST\STM32_USB_Device_Library\Core\Src\usbd_core.o
 .comment       0x0000007c       0x7d Middlewares\ST\STM32_USB_Device_Library\Core\Src\usbd_ctlreq.o
 .comment       0x0000007c       0x7d Middlewares\ST\STM32_USB_Device_Library\Core\Src\usbd_ioreq.o
 .comment       0x0000007c       0x7d Src\MP3.o
 .comment       0x0000007c       0x7d Src\main.o
 .comment       0x0000007c       0x7d Src\myFunctions.o
 .comment       0x0000007c       0x7d Src\stm32f0xx_hal_msp.o
 .comment       0x0000007c       0x7d Src\stm32f0xx_it.o
 .comment       0x0000007c       0x7d Src\system_stm32f0xx.o
 .comment       0x0000007c       0x7d Src\usb_device.o
 .comment       0x0000007c       0x7d Src\usbd_cdc_if.o
 .comment       0x0000007c       0x7d Src\usbd_conf.o
 .comment       0x0000007c       0x7d Src\usbd_desc.o

.debug_frame    0x00000000     0x2bb4
 .debug_frame   0x00000000      0x174 Drivers\STM32F0xx_HAL_Driver\Src\stm32f0xx_hal.o
 .debug_frame   0x00000174       0xe4 Drivers\STM32F0xx_HAL_Driver\Src\stm32f0xx_hal_cortex.o
 .debug_frame   0x00000258      0x168 Drivers\STM32F0xx_HAL_Driver\Src\stm32f0xx_hal_dma.o
 .debug_frame   0x000003c0       0xcc Drivers\STM32F0xx_HAL_Driver\Src\stm32f0xx_hal_gpio.o
 .debug_frame   0x0000048c      0x2e0 Drivers\STM32F0xx_HAL_Driver\Src\stm32f0xx_hal_pcd.o
 .debug_frame   0x0000076c       0x28 Drivers\STM32F0xx_HAL_Driver\Src\stm32f0xx_hal_pcd_ex.o
 .debug_frame   0x00000794      0x130 Drivers\STM32F0xx_HAL_Driver\Src\stm32f0xx_hal_rcc.o
 .debug_frame   0x000008c4       0xfc Drivers\STM32F0xx_HAL_Driver\Src\stm32f0xx_hal_rcc_ex.o
 .debug_frame   0x000009c0      0x9cc Drivers\STM32F0xx_HAL_Driver\Src\stm32f0xx_hal_tim.o
 .debug_frame   0x0000138c      0x384 Drivers\STM32F0xx_HAL_Driver\Src\stm32f0xx_hal_tim_ex.o
 .debug_frame   0x00001710      0x500 Drivers\STM32F0xx_HAL_Driver\Src\stm32f0xx_hal_uart.o
 .debug_frame   0x00001c10       0xfc Drivers\STM32F0xx_HAL_Driver\Src\stm32f0xx_hal_uart_ex.o
 .debug_frame   0x00001d0c      0x148 Middlewares\ST\STM32_USB_Device_Library\Class\CDC\Src\usbd_cdc.o
 .debug_frame   0x00001e54      0x1bc Middlewares\ST\STM32_USB_Device_Library\Core\Src\usbd_core.o
 .debug_frame   0x00002010      0x168 Middlewares\ST\STM32_USB_Device_Library\Core\Src\usbd_ctlreq.o
 .debug_frame   0x00002178       0xb8 Middlewares\ST\STM32_USB_Device_Library\Core\Src\usbd_ioreq.o
 .debug_frame   0x00002230      0x120 Src\MP3.o
 .debug_frame   0x00002350      0x104 Src\main.o
 .debug_frame   0x00002454       0xac Src\myFunctions.o
 .debug_frame   0x00002500       0x88 Src\stm32f0xx_hal_msp.o
 .debug_frame   0x00002588       0xf8 Src\stm32f0xx_it.o
 .debug_frame   0x00002680       0x38 Src\system_stm32f0xx.o
 .debug_frame   0x000026b8       0x28 Src\usb_device.o
 .debug_frame   0x000026e0       0x7c Src\usbd_cdc_if.o
 .debug_frame   0x0000275c      0x2f8 Src\usbd_conf.o
 .debug_frame   0x00002a54       0xa8 Src\usbd_desc.o
 .debug_frame   0x00002afc       0x2c c:/program files (x86)/atollic/truestudio for stm32 9.0.0/armtools/bin/../lib/gcc/arm-atollic-eabi/6.3.1/../../../../arm-atollic-eabi/lib/armv6-m\libc_nano.a(lib_a-init.o)
 .debug_frame   0x00002b28       0x20 c:/program files (x86)/atollic/truestudio for stm32 9.0.0/armtools/bin/../lib/gcc/arm-atollic-eabi/6.3.1/../../../../arm-atollic-eabi/lib/armv6-m\libc_nano.a(lib_a-memset.o)
 .debug_frame   0x00002b48       0x20 c:/program files (x86)/atollic/truestudio for stm32 9.0.0/armtools/bin/../lib/gcc/arm-atollic-eabi/6.3.1/../../../../arm-atollic-eabi/lib/armv6-m\libc_nano.a(lib_a-strcpy.o)
 .debug_frame   0x00002b68       0x2c c:/program files (x86)/atollic/truestudio for stm32 9.0.0/armtools/bin/../lib/gcc/arm-atollic-eabi/6.3.1/../../../../arm-atollic-eabi/lib/armv6-m\libc_nano.a(lib_a-strncmp.o)
 .debug_frame   0x00002b94       0x20 c:/program files (x86)/atollic/truestudio for stm32 9.0.0/armtools/bin/../lib/gcc/arm-atollic-eabi/6.3.1/armv6-m\libgcc.a(_udivsi3.o)
