stm32f0xx_it.c:56:6:NMI_Handler	0	static
stm32f0xx_it.c:69:6:HardFault_Handler	0	static
stm32f0xx_it.c:87:6:SVC_Handler	0	static
stm32f0xx_it.c:100:6:PendSV_Handler	0	static
stm32f0xx_it.c:113:6:SysTick_Handler	8	static
stm32f0xx_it.c:135:6:EXTI2_3_IRQHandler	8	static
stm32f0xx_it.c:154:6:EXTI4_15_IRQHandler	8	static
stm32f0xx_it.c:178:6:TIM14_IRQHandler	8	static
stm32f0xx_it.c:192:6:TIM16_IRQHandler	8	static
stm32f0xx_it.c:206:6:USART1_IRQHandler	8	static
stm32f0xx_it.c:220:6:USB_IRQHandler	8	static
